
> money-street-standalone@1.0.0 build
> next build

node.exe : ΓÜá Warning: Next.js inferred your workspace root, but it may not be correct.
At line:1 char:1
+ & "C:\Program Files\nodejs/node.exe" "C:\Program Files\nodejs/node_mo ...
+ ~~~~~~~~~~~~~~~~~~~~~~~~~~~~~~~~~~~~~~~~~~~~~~~~~~~~~~~~~~~~~~~~~~~~~
    + CategoryInfo          : NotSpecified: (ΓÜá Warning: Ne...not be correct.:String) [], RemoteException
    + FullyQualifiedErrorId : NativeCommandError
 
 We detected multiple lockfiles and selected the directory of C:\Users\HDG\package-lock.json as the root directory.
 To silence this warning, set `turbopack.root` in your Next.js config, or consider removing one of the lockfiles if it's not needed.
   See https://nextjs.org/docs/app/api-reference/config/next-config-js/turbopack#root-directory for more information.
 Detected additional lockfiles: 
   * C:\Users\HDG\Downloads\money-street-standalone-main\money-street-standalone-main\package-lock.json
   * C:\Users\HDG\Downloads\money-street-standalone-main\package-lock.json

Γû▓ Next.js 16.1.6 (Turbopack)
- Environments: .env.local

  Creating an optimized production build ...
Γ£ô Compiled successfully in 5.4s
  Running TypeScript ...
Failed to compile.

./scratch-test-alpaca-connection.ts:2:25
Type error: Could not find a declaration file for module 'dotenv'. 
'C:/Users/HDG/Downloads/money-street-standalone-main/money-street-standalone-main/node_modules/dotenv/lib/main.js' implicitly has an 'any' type.
  Try `npm i --save-dev @types/dotenv` if it exists or add a new declaration (.d.ts) file containing `declare module 'dotenv';`

[0m [90m 1 |[39m [36mimport[39m { getAlpacaClient } [36mfrom[39m [32m'./src/lib/bot/alpaca-trader'[39m[33m;[39m
[31m[1m>[22m[39m[90m 2 |[39m [36mimport[39m [33m*[39m [36mas[39m dotenv [36mfrom[39m [32m'dotenv'[39m[33m;[39m
 [90m   |[39m                         [31m[1m^[22m[39m
 [90m 3 |[39m dotenv[33m.[39mconfig({ path[33m:[39m [32m'.env.local'[39m })[33m;[39m
 [90m 4 |[39m
 [90m 5 |[39m [36masync[39m [36mfunction[39m testConnection() {[0m
Next.js build worker exited with code: 1 and signal: null
